
> website@0.0.0 build
> tsc -b && vite build

rolldown-vite v7.2.5 building client environment for production...
[2Ktransforming...✓ 2103 modules transformed.
✗ Build failed in 146ms
error during build:
Build failed with 1 error:

[plugin vite:css] /Users/tansaphea/Desktop/Website/website/src/index.css:undefined:NaN
Error: [postcss] It looks like you're trying to use `tailwindcss` directly as a PostCSS plugin. The PostCSS plugin has moved to a separate package, so to continue using Tailwind CSS with PostCSS you'll need to install `@tailwindcss/postcss` and update your PostCSS configuration.
    at lt (/Users/tansaphea/Desktop/Website/website/node_modules/tailwindcss/dist/lib.js:38:1643)
    at LazyResult.runOnRoot (/Users/tansaphea/Desktop/Website/website/node_modules/postcss/lib/lazy-result.js:361:16)
    at LazyResult.runAsync (/Users/tansaphea/Desktop/Website/website/node_modules/postcss/lib/lazy-result.js:290:26)
    at async runPostCSS (file:///Users/tansaphea/Desktop/Website/website/node_modules/vite/dist/node/chunks/node.js:23873:19)
    at async compilePostCSS (file:///Users/tansaphea/Desktop/Website/website/node_modules/vite/dist/node/chunks/node.js:23857:6)
    at async compileCSS (file:///Users/tansaphea/Desktop/Website/website/node_modules/vite/dist/node/chunks/node.js:23787:26)
    at async TransformPluginContextImpl.handler (file:///Users/tansaphea/Desktop/Website/website/node_modules/vite/dist/node/chunks/node.js:23312:54)
    at async plugin (file:///Users/tansaphea/Desktop/Website/website/node_modules/rolldown/dist/shared/src-CYkh2Ybc.mjs:3189:16)
    at async plugin.<computed> (file:///Users/tansaphea/Desktop/Website/website/node_modules/rolldown/dist/shared/src-CYkh2Ybc.mjs:3611:12)
    at aggregateBindingErrorsIntoJsError (file:///Users/tansaphea/Desktop/Website/website/node_modules/rolldown/dist/shared/src-CYkh2Ybc.mjs:2659:18)
    at unwrapBindingResult (file:///Users/tansaphea/Desktop/Website/website/node_modules/rolldown/dist/shared/src-CYkh2Ybc.mjs:2634:128)
    at #build (file:///Users/tansaphea/Desktop/Website/website/node_modules/rolldown/dist/shared/src-CYkh2Ybc.mjs:4433:34)
    at async buildEnvironment (file:///Users/tansaphea/Desktop/Website/website/node_modules/vite/dist/node/chunks/node.js:33468:64)
    at async Object.build (file:///Users/tansaphea/Desktop/Website/website/node_modules/vite/dist/node/chunks/node.js:33871:19)
    at async Object.buildApp (file:///Users/tansaphea/Desktop/Website/website/node_modules/vite/dist/node/chunks/node.js:33868:153)
    at async CAC.<anonymous> (file:///Users/tansaphea/Desktop/Website/website/node_modules/vite/dist/node/cli.js:629:3)
